// bb
/// \file file.cc 
// aa

void a()
{
}



// my file: file.cc
