START
ghdsfjkagdsfvasdfjvjkadfk
dsafhadskfjhaskdfjhkjadsfh 
bbbbbbbbbbbbbbbbbbbbb
AAAAAAAAAAAAAAAAA
asdababababba
ABABABBABABABAB
!! // this should be replaced with two !. the rest should remain unchanged
ABaaabbbbAB Ab aBabababBABBABaBBABABABBABABABbababABABABBBBBbABbABbA
abbabaABBABABb Ab b Ab b Ab bAaB Ab Ab abbabbabbbABBABbB Ab bABbBABbABbABb Ab b Ab
ab
   AB
      Ab
   aB
END